src/app/builder/BuilderCanvas.tsx(955,14): error TS17008: JSX element 'div' has no corresponding closing tag.
src/app/builder/BuilderCanvas.tsx(1349,54): error TS17008: JSX element 'div' has no corresponding closing tag.
src/app/builder/BuilderCanvas.tsx(1533,23): error TS17002: Expected corresponding JSX closing tag for 'section'.
src/app/builder/BuilderCanvas.tsx(1546,6): error TS17008: JSX element 'div' has no corresponding closing tag.
src/app/builder/BuilderCanvas.tsx(1903,29): error TS1128: Declaration or statement expected.
src/app/builder/BuilderCanvas.tsx(1905,13): error TS1128: Declaration or statement expected.
src/app/builder/BuilderCanvas.tsx(1906,9): error TS1109: Expression expected.
src/app/builder/BuilderCanvas.tsx(1907,21): error TS1109: Expression expected.
src/app/builder/BuilderCanvas.tsx(1908,17): error TS1109: Expression expected.
src/app/builder/BuilderCanvas.tsx(1909,13): error TS1109: Expression expected.
src/app/builder/BuilderCanvas.tsx(1910,1): error TS1128: Declaration or statement expected.
src/app/builder/BuilderCanvas.tsx(1919,9): error TS1128: Declaration or statement expected.
src/app/builder/BuilderCanvas.tsx(1920,5): error TS1109: Expression expected.
src/app/builder/BuilderCanvas.tsx(1921,1): error TS1128: Declaration or statement expected.
